<html>
<body>
<pre>
<h1>µVision Build Log</h1>
<h2>Project:</h2>
C:\Users\yoshi\Desktop\YOSHITH\ARM\PROJECT 1\MEDICINE_REMAINDER_SYSTEM.uvproj
Project File Date:  04/22/2025

<h2>Output:</h2>
Build target 'Target 1'
linking...
Program Size: Code=3094 RO-data=34 RW-data=0 ZI-data=1256  
".\MEDICINE_REMAINDER_SYSTEM.axf" - 0 Error(s), 0 Warning(s).
SYSTEM.axf" - 0 Error(s), 0 Warning(s).
ompiling lcd.c...
lcd.h(6): warning:  #1295-D: Deprecated declaration lcd_init - give arg types
  void lcd_init();
lcd.c(60): error:  #20: identifier "uint8_t" is undefined
  void lcd_time_display(uint8_t h, uint8_t m, uint8_t s) {
lcd.c(60): error:  #20: identifier "uint8_t" is undefined
  void lcd_time_display(uint8_t h, uint8_t m, uint8_t s) {
lcd.c(60): error:  #20: identifier "uint8_t" is undefined
  void lcd_time_display(uint8_t h, uint8_t m, uint8_t s) {
lcd.c(62): warning:  #223-D: function "sprintf" declared implicitly
      sprintf(buf, "%02d:%02d:%02d", h, m, s);
lcd.c: 2 warnings, 3 errors
compiling rtc.c...
".\MEDICINE_REMAINDER_SYSTEM.axf" - 3 Error(s), 3 Warning(s).
Target not created
